[2026-06-17T02:38:50Z] ──
[2026-06-17T02:38:50Z] Connector sync started
[2026-06-17T02:38:50Z] ──
[2026-06-17T02:38:50Z] Phase 1: Connectors
[2026-06-17T02:38:50Z] YouTube: no new files in /home/konan/pantheon/connectors/drop-zone/youtube
[2026-06-17T02:38:50Z] ──
[2026-06-17T02:38:50Z] Phase 2: Inbox pipeline
No clips to process
[2026-06-17T02:38:50Z] process-inbox.py: OK
[2026-06-17T02:38:50Z] ──
[2026-06-17T02:38:50Z] Phase 3: Hotness update
decayed=0 promoted=0 total=6
[2026-06-17T02:38:50Z] Hotness update: OK
[2026-06-17T02:38:50Z] ──
[2026-06-17T02:38:50Z] Connector sync complete
[2026-06-16T21:16:39-06:00] connectors.sh — starting sync run
[2026-06-16T21:16:39-06:00] youtube_takeout: skipped (no watch-history.json)
[2026-06-16T21:16:39-06:00] pipeline: inbox empty, skipped
[2026-06-16T21:16:39-06:00] connectors.sh — sync run complete
[2026-06-17T03:18:30Z] ──
[2026-06-17T03:18:30Z] Connector sync started
[2026-06-17T03:18:30Z] ──
[2026-06-17T03:18:30Z] Phase 1: Connectors
[2026-06-17T03:18:30Z] YouTube: no new files in /home/konan/pantheon/connectors/drop-zone/youtube
[2026-06-17T03:18:30Z] ──
[2026-06-17T03:18:30Z] Phase 2: Inbox pipeline
No clips to process
[2026-06-17T03:18:30Z] process-inbox.py: OK
[2026-06-17T03:18:30Z] ──
[2026-06-17T03:18:30Z] Phase 3: Hotness update
decayed=0 promoted=0 total=6
[2026-06-17T03:18:30Z] Hotness update: OK
[2026-06-17T03:18:30Z] ──
[2026-06-17T03:18:30Z] Connector sync complete
